Mon 06 Feb 2023 02:42:14 PM CET
$PROBLEM //like/2001//but/2 cmt//
$INPUT C ID TIME SEQ=DROP EVID AMT DV SUBJ HOUR HEIGHT WT SEX AGE DOSE FED
$DATA ../../data/derived/drug.csv IGNORE=C
$SUBROUTINE ADVAN4 TRANS4
$PK
 CL=THETA(1)*EXP(ETA(1))
 V2 =THETA(2)*EXP(ETA(2))
 KA=THETA(3)*EXP(ETA(3))
 Q  =THETA(4)
 V3=THETA(5)
 S2=V2
 
$ERROR
 Y=F*(1+ERR(1))
 IPRE=F

$THETA
(0,10,50)                       ; CL/F     ; clearance                                     ; L/h                    
(0,10,100)                      ; Vc/F     ; central volume                                ; L                      
(0,0.2,5)                       ; Ka       ; absorption rate constant                      ; 1/h                    
(0,10,50)                       ; Q/F      ; intercompartmental clearance                  ; L/h                    
(0,100,1000)                    ; Vp/F     ; peripheral volume                             ; L                      

$OMEGA                      
0.1                             ; IIV_CL   ; interindividual variability on clearance     
0.1                             ; IIV_Vc   ; interindividual variability on central volume
0.1                             ; IIV_Ka   ; interindividual variability on Ka            

$SIGMA
0.1                             ; ERR_PROP ; proportional error                           

$ESTIMATION MAXEVAL=9999 PRINT=5 NOABORT METHOD=1 INTER MSFO=mod.msf
$COV PRINT=E
$TABLE NOPRINT FILE=mod.tab ONEHEADER
ID                              ; ID       ; NONMEM subject identifier                    
AMT                             ; AMT      ; dose amount                                   ; mg                     
TIME                            ; TIME     ; time                                          ; h                      
EVID                            ; EVID     ; event type                                    ; //0/observation//1/dose
PRED                            ; PRED     ; population prediction                         ; ng/mL                  
IPRE                            ; IPRED    ; individual prediction                         ; ng/mL                  
CWRESI                          ; CWRESI   ; conditional weighted residual                
CIWRESI                         ; CIWRESI  ; conditional indvividual weighted residual    

$TABLE NOPRINT FILE=mod2.tab ONEHEADER
ID                              ; ID       ; NONMEM subject identifier                    
TIME                            ; TIME     ; time                                          ; h                      
CL                              ; CLI      ; posthoc systemic clearance                    ; L/h                    
V2                              ; V2I      ; posthoc systemic volume                       ; L                      
KA                              ; KAI      ; posthoc absorption rate                       ; 1/h                    
Q                               ; Q2I      ; posthoc intercompartmental clearance          ; 1/h                    
V3                              ; V3I      ; posthoc peripheral volume                     ; L                      
ETA1                            ; BSV_CL   ; clearance between-subject variability        
ETA2                            ; BSV_V2   ; volume between-subject variability           
ETA3                            ; BSV_KA   ; absorption between-subject variability       

NM-TRAN MESSAGES
  
 WARNINGS AND ERRORS (IF ANY) FOR PROBLEM    1
             
 (WARNING  2) NM-TRAN INFERS THAT THE DATA ARE POPULATION.

License Registered to: qPharmetra
Expiration Date:    14 JUL 2023
Current Date:        6 FEB 2023
Days until program expires : 158
1NONLINEAR MIXED EFFECTS MODEL PROGRAM (NONMEM) VERSION 7.4.3
 ORIGINALLY DEVELOPED BY STUART BEAL, LEWIS SHEINER, AND ALISON BOECKMANN
 CURRENT DEVELOPERS ARE ROBERT BAUER, ICON DEVELOPMENT SOLUTIONS,
 AND ALISON BOECKMANN. IMPLEMENTATION, EFFICIENCY, AND STANDARDIZATION
 PERFORMED BY NOUS INFOSYSTEMS.

 PROBLEM NO.:         1
 //like/2001//but/2 cmt//
0DATA CHECKOUT RUN:              NO
 DATA SET LOCATED ON UNIT NO.:    2
 THIS UNIT TO BE REWOUND:        NO
 NO. OF DATA RECS IN DATA SET:      550
 NO. OF DATA ITEMS IN DATA SET:  15
 ID DATA ITEM IS DATA ITEM NO.:   2
 DEP VARIABLE IS DATA ITEM NO.:   6
 MDV DATA ITEM IS DATA ITEM NO.: 15
0INDICES PASSED TO SUBROUTINE PRED:
   4   3   5   0   0   0   0   0   0   0   0
0LABELS FOR DATA ITEMS:
 C ID TIME EVID AMT DV SUBJ HOUR HEIGHT WT SEX AGE DOSE FED MDV
0(NONBLANK) LABELS FOR PRED-DEFINED ITEMS:
 CL V2 KA Q V3 IPRE
0FORMAT FOR DATA:
 (E2.0,E3.0,E5.0,E2.0,2E6.0,E3.0,E5.0,E4.0,E5.0,E2.0,E5.0,2E6.0,1F2.0)

 TOT. NO. OF OBS RECS:      510
 TOT. NO. OF INDIVIDUALS:       40
0LENGTH OF THETA:   5
0DEFAULT THETA BOUNDARY TEST OMITTED:    NO
0OMEGA HAS SIMPLE DIAGONAL FORM WITH DIMENSION:   3
0DEFAULT OMEGA BOUNDARY TEST OMITTED:    NO
0SIGMA HAS SIMPLE DIAGONAL FORM WITH DIMENSION:   1
0DEFAULT SIGMA BOUNDARY TEST OMITTED:    NO
0INITIAL ESTIMATE OF THETA:
 LOWER BOUND    INITIAL EST    UPPER BOUND
  0.0000E+00     0.1000E+02     0.5000E+02
  0.0000E+00     0.1000E+02     0.1000E+03
  0.0000E+00     0.2000E+00     0.5000E+01
  0.0000E+00     0.1000E+02     0.5000E+02
  0.0000E+00     0.1000E+03     0.1000E+04
0INITIAL ESTIMATE OF OMEGA:
 0.1000E+00
 0.0000E+00   0.1000E+00
 0.0000E+00   0.0000E+00   0.1000E+00
0INITIAL ESTIMATE OF SIGMA:
 0.1000E+00
0COVARIANCE STEP OMITTED:        NO
 EIGENVLS. PRINTED:             YES
 SPECIAL COMPUTATION:            NO
 COMPRESSED FORMAT:              NO
 GRADIENT METHOD USED:     NOSLOW
 SIGDIGITS ETAHAT (SIGLO):                  -1
 SIGDIGITS GRADIENTS (SIGL):                -1
 EXCLUDE COV FOR FOCE (NOFCOV):              NO
 TURN OFF Cholesky Transposition of R Matrix (CHOLROFF): NO
 KNUTHSUMOFF:                                -1
 RESUME COV ANALYSIS (RESUME):               NO
 SIR SAMPLE SIZE (SIRSAMPLE):              -1
 NON-LINEARLY TRANSFORM THETAS DURING COV (THBND): 1
 PRECONDTIONING CYCLES (PRECOND):        0
 PRECONDTIONING TYPES (PRECONDS):        TOS
 FORCED PRECONDTIONING CYCLES (PFCOND):0
 PRECONDTIONING TYPE (PRETYPE):        0
 FORCED POS. DEFINITE SETTING: (FPOSDEF):0
0TABLES STEP OMITTED:    NO
 NO. OF TABLES:           2
 SEED NUMBER (SEED):    11456
 RANMETHOD:             3U
 MC SAMPLES (ESAMPLE):    300
 WRES SQUARE ROOT TYPE (WRESCHOL): EIGENVALUE
0-- TABLE   1 --
0RECORDS ONLY:    ALL
04 COLUMNS APPENDED:    YES
 PRINTED:                NO
 HEADER:                YES
 FILE TO BE FORWARDED:   NO
 FORMAT:                S1PE11.4
 LFORMAT:
 RFORMAT:
 FIXED_EFFECT_ETAS:
0USER-CHOSEN ITEMS:
 ID AMT TIME EVID IPRE CWRESI CIWRESI
0-- TABLE   2 --
0RECORDS ONLY:    ALL
04 COLUMNS APPENDED:    YES
 PRINTED:                NO
 HEADER:                YES
 FILE TO BE FORWARDED:   NO
 FORMAT:                S1PE11.4
 LFORMAT:
 RFORMAT:
 FIXED_EFFECT_ETAS:
0USER-CHOSEN ITEMS:
 ID TIME CL V2 KA Q V3 ETA1 ETA2 ETA3
1DOUBLE PRECISION PREDPP VERSION 7.4.3

 TWO COMPARTMENT MODEL WITH FIRST-ORDER ABSORPTION (ADVAN4)
0MAXIMUM NO. OF BASIC PK PARAMETERS:   5
0BASIC PK PARAMETERS (AFTER TRANSLATION):
   BASIC PK PARAMETER NO.  1: ELIMINATION RATE (K)
   BASIC PK PARAMETER NO.  2: CENTRAL-TO-PERIPH. RATE (K23)
   BASIC PK PARAMETER NO.  3: PERIPH.-TO-CENTRAL RATE (K32)
   BASIC PK PARAMETER NO.  5: ABSORPTION RATE (KA)
 TRANSLATOR WILL CONVERT PARAMETERS
 CL, V2, Q, V3 TO K, K23, K32 (TRANS4)
0COMPARTMENT ATTRIBUTES
 COMPT. NO.   FUNCTION   INITIAL    ON/OFF      DOSE      DEFAULT    DEFAULT
                         STATUS     ALLOWED    ALLOWED    FOR DOSE   FOR OBS.
    1         DEPOT        OFF        YES        YES        YES        NO
    2         CENTRAL      ON         NO         YES        NO         YES
    3         PERIPH.      ON         NO         YES        NO         NO
    4         OUTPUT       OFF        YES        NO         NO         NO
1
 ADDITIONAL PK PARAMETERS - ASSIGNMENT OF ROWS IN GG
 COMPT. NO.                             INDICES
              SCALE      BIOAVAIL.   ZERO-ORDER  ZERO-ORDER  ABSORB
                         FRACTION    RATE        DURATION    LAG
    1            *           *           *           *           *
    2            6           *           *           *           *
    3            *           *           *           *           *
    4            *           -           -           -           -
             - PARAMETER IS NOT ALLOWED FOR THIS MODEL
             * PARAMETER IS NOT SUPPLIED BY PK SUBROUTINE;
               WILL DEFAULT TO ONE IF APPLICABLE
0DATA ITEM INDICES USED BY PRED ARE:
   EVENT ID DATA ITEM IS DATA ITEM NO.:      4
   TIME DATA ITEM IS DATA ITEM NO.:          3
   DOSE AMOUNT DATA ITEM IS DATA ITEM NO.:   5

0PK SUBROUTINE CALLED WITH EVERY EVENT RECORD.
 PK SUBROUTINE NOT CALLED AT NONEVENT (ADDITIONAL OR LAGGED) DOSE TIMES.
0ERROR SUBROUTINE CALLED WITH EVERY EVENT RECORD.
1


 #TBLN:      1
 #METH: First Order Conditional Estimation with Interaction

 ESTIMATION STEP OMITTED:                 NO
 ANALYSIS TYPE:                           POPULATION
 NUMBER OF SADDLE POINT RESET ITERATIONS:      0
 GRADIENT METHOD USED:               NOSLOW
 CONDITIONAL ESTIMATES USED:              YES
 CENTERED ETA:                            NO
 EPS-ETA INTERACTION:                     YES
 LAPLACIAN OBJ. FUNC.:                    NO
 NO. OF FUNCT. EVALS. ALLOWED:            9999
 NO. OF SIG. FIGURES REQUIRED:            3
 INTERMEDIATE PRINTOUT:                   YES
 ESTIMATE OUTPUT TO MSF:                  YES
 ABORT WITH PRED EXIT CODE 1:             NO
 IND. OBJ. FUNC. VALUES SORTED:           NO
 NUMERICAL DERIVATIVE
       FILE REQUEST (NUMDER):               NONE
 MAP (ETAHAT) ESTIMATION METHOD (OPTMAP):   0
 ETA HESSIAN EVALUATION METHOD (ETADER):    0
 INITIAL ETA FOR MAP ESTIMATION (MCETA):    0
 SIGDIGITS FOR MAP ESTIMATION (SIGLO):      100
 GRADIENT SIGDIGITS OF
       FIXED EFFECTS PARAMETERS (SIGL):     100
 NOPRIOR SETTING (NOPRIOR):                 OFF
 NOCOV SETTING (NOCOV):                     OFF
 DERCONT SETTING (DERCONT):                 OFF
 FINAL ETA RE-EVALUATION (FNLETA):          ON
 EXCLUDE NON-INFLUENTIAL (NON-INFL.) ETAS
       IN SHRINKAGE (ETASTYPE):             NO
 NON-INFL. ETA CORRECTION (NONINFETA):      OFF
 RAW OUTPUT FILE (FILE): 2002.ext
 EXCLUDE TITLE (NOTITLE):                   NO
 EXCLUDE COLUMN LABELS (NOLABEL):           NO
 FORMAT FOR ADDITIONAL FILES (FORMAT):      S1PE12.5
 PARAMETER ORDER FOR OUTPUTS (ORDER):       TSOL
 WISHART PRIOR DF INTERPRETATION (WISHTYPE):0
 KNUTHSUMOFF:                               0
 INCLUDE LNTWOPI:                           NO
 INCLUDE CONSTANT TERM TO PRIOR (PRIORC):   NO
 INCLUDE CONSTANT TERM TO OMEGA (ETA) (OLNTWOPI):NO
 ADDITIONAL CONVERGENCE TEST (CTYPE=4)?:    NO
 EM OR BAYESIAN METHOD USED:                 NONE


 THE FOLLOWING LABELS ARE EQUIVALENT
 PRED=PREDI
 RES=RESI
 WRES=WRESI
 IWRS=IWRESI
 IPRD=IPREDI
 IRS=IRESI

 MONITORING OF SEARCH:


0ITERATION NO.:    0    OBJECTIVE VALUE:   3114.00848266112        NO. OF FUNC. EVALS.:   8
 CUMULATIVE NO. OF FUNC. EVALS.:        8
 NPARAMETR:  1.0000E+01  1.0000E+01  2.0000E-01  1.0000E+01  1.0000E+02  1.0000E-01  1.0000E-01  1.0000E-01  1.0000E-01
 PARAMETER:  1.0000E-01  1.0000E-01  1.0000E-01  1.0000E-01  1.0000E-01  1.0000E-01  1.0000E-01  1.0000E-01  1.0000E-01
 GRADIENT:  -6.7797E+01 -3.7555E+02  6.4542E+02  1.1210E+01 -1.4327E+02 -9.9340E+01 -1.9810E+02 -5.9492E+02  6.2351E+01

0ITERATION NO.:    5    OBJECTIVE VALUE:   2529.32272895133        NO. OF FUNC. EVALS.:  46
 CUMULATIVE NO. OF FUNC. EVALS.:       54
 NPARAMETR:  1.0917E+01  3.1138E+01  7.0233E-02  3.7484E+00  1.5014E+02  3.4437E-01  2.3319E-01  7.5760E-02  7.7582E-02
 PARAMETER:  2.1089E-01  1.5035E+00 -9.7317E-01 -1.0265E+00  5.6371E-01  7.1827E-01  5.2335E-01 -3.8802E-02 -2.6917E-02
 GRADIENT:   2.6820E+00  6.7877E+01  1.3382E+01 -3.0459E+01  1.2680E+01  1.2459E+01 -5.6978E+00 -1.6506E+01  7.7443E+01

0ITERATION NO.:   10    OBJECTIVE VALUE:   2504.38878021243        NO. OF FUNC. EVALS.:  50
 CUMULATIVE NO. OF FUNC. EVALS.:      104
 NPARAMETR:  1.2017E+01  2.0006E+01  6.3439E-02  3.1988E+00  9.3374E+01  3.0355E-01  1.3720E-01  1.3538E-01  6.7686E-02
 PARAMETER:  3.3548E-01  9.1133E-01 -1.0763E+00 -1.1968E+00  2.4109E-02  6.5520E-01  2.5815E-01  2.5145E-01 -9.5146E-02
 GRADIENT:   1.7724E+01 -3.5126E+00 -2.2728E+00 -7.1261E+00 -1.1028E+01  8.2443E+00  7.3883E-01  1.5951E+01  9.1939E+00

0ITERATION NO.:   15    OBJECTIVE VALUE:   2500.13115480503        NO. OF FUNC. EVALS.:  45
 CUMULATIVE NO. OF FUNC. EVALS.:      149
 NPARAMETR:  1.0983E+01  2.1274E+01  6.6526E-02  3.6489E+00  1.0693E+02  2.6782E-01  1.2781E-01  1.0789E-01  6.7037E-02
 PARAMETER:  2.1866E-01  9.8873E-01 -1.0282E+00 -1.0555E+00  1.7473E-01  5.9257E-01  2.2269E-01  1.3795E-01 -9.9966E-02
 GRADIENT:  -1.1995E-02  8.4615E-01 -3.7009E+00  6.8941E-01  2.8693E-01 -2.4386E-02 -6.6635E-01  1.4412E+00 -2.6017E-01

0ITERATION NO.:   20    OBJECTIVE VALUE:   2499.99743438306        NO. OF FUNC. EVALS.:  70
 CUMULATIVE NO. OF FUNC. EVALS.:      219
 NPARAMETR:  1.1042E+01  2.1593E+01  6.8090E-02  3.7744E+00  1.0682E+02  2.6652E-01  1.2954E-01  1.0667E-01  6.7188E-02
 PARAMETER:  2.2553E-01  1.0077E+00 -1.0046E+00 -1.0190E+00  1.7359E-01  5.9014E-01  2.2940E-01  1.3226E-01 -9.8837E-02
 GRADIENT:   6.4674E-02 -3.9399E-02 -2.2021E+00  2.9480E-01  1.7144E-01 -1.7193E-01  3.5393E-01  1.9531E-02  9.7208E-01

0ITERATION NO.:   23    OBJECTIVE VALUE:   2499.98965930194        NO. OF FUNC. EVALS.:  50
 CUMULATIVE NO. OF FUNC. EVALS.:      269
 NPARAMETR:  1.1043E+01  2.1679E+01  6.8542E-02  3.8072E+00  1.0662E+02  2.6684E-01  1.2776E-01  1.0708E-01  6.7119E-02
 PARAMETER:  2.2567E-01  1.0127E+00 -9.9789E-01 -1.0096E+00  1.7149E-01  5.9074E-01  2.2249E-01  1.3421E-01 -9.9353E-02
 GRADIENT:   9.8510E-03 -2.6225E-03  3.5644E-03  4.6812E-03  8.5989E-03 -6.8549E-03  1.9009E-03 -2.8555E-03  2.6131E-02

 #TERM:
0MINIMIZATION SUCCESSFUL
 NO. OF FUNCTION EVALUATIONS USED:      269
 NO. OF SIG. DIGITS IN FINAL EST.:  3.4

 ETABAR IS THE ARITHMETIC MEAN OF THE ETA-ESTIMATES,
 AND THE P-VALUE IS GIVEN FOR THE NULL HYPOTHESIS THAT THE TRUE MEAN IS 0.

 ETABAR:         2.3513E-03  8.6765E-04  7.6456E-04
 SE:             8.0436E-02  4.6424E-02  4.7732E-02
 N:                      40          40          40

 P VAL.:         9.7668E-01  9.8509E-01  9.8722E-01

 ETASHRINKSD(%)  2.6406E-01  1.6809E+01  6.5717E+00
 ETASHRINKVR(%)  5.2742E-01  3.0792E+01  1.2712E+01
 EBVSHRINKSD(%)  1.3666E+00  1.7993E+01  6.9412E+00
 EBVSHRINKVR(%)  2.7144E+00  3.2748E+01  1.3401E+01
 EPSSHRINKSD(%)  8.8990E+00
 EPSSHRINKVR(%)  1.7006E+01

  
 TOTAL DATA POINTS NORMALLY DISTRIBUTED (N):          510
 N*LOG(2PI) CONSTANT TO OBJECTIVE FUNCTION:    937.31730386876609     
 OBJECTIVE FUNCTION VALUE WITHOUT CONSTANT:    2499.9896593019421     
 OBJECTIVE FUNCTION VALUE WITH CONSTANT:       3437.3069631707081     
 REPORTED OBJECTIVE FUNCTION DOES NOT CONTAIN CONSTANT
  
 TOTAL EFFECTIVE ETAS (NIND*NETA):                           120
  
 #TERE:
 Elapsed estimation  time in seconds:     1.31
 Elapsed covariance  time in seconds:     1.18
 Elapsed postprocess time in seconds:     0.02
1
 
 
 
 
 
 
 
 
 
 
 
 
 
 
 
 
 
 
 
 
 ************************************************************************************************************************
 ********************                                                                                ********************
 ********************               FIRST ORDER CONDITIONAL ESTIMATION WITH INTERACTION              ********************
 #OBJT:**************                       MINIMUM VALUE OF OBJECTIVE FUNCTION                      ********************
 ********************                                                                                ********************
 ************************************************************************************************************************
 





 #OBJV:********************************************     2499.990       **************************************************
1
 ************************************************************************************************************************
 ********************                                                                                ********************
 ********************               FIRST ORDER CONDITIONAL ESTIMATION WITH INTERACTION              ********************
 ********************                             FINAL PARAMETER ESTIMATE                           ********************
 ********************                                                                                ********************
 ************************************************************************************************************************
 


 THETA - VECTOR OF FIXED EFFECTS PARAMETERS   *********


         TH 1      TH 2      TH 3      TH 4      TH 5     
 
         1.10E+01  2.17E+01  6.85E-02  3.81E+00  1.07E+02
 


 OMEGA - COV MATRIX FOR RANDOM EFFECTS - ETAS  ********


         ETA1      ETA2      ETA3     
 
 ETA1
+        2.67E-01
 
 ETA2
+        0.00E+00  1.28E-01
 
 ETA3
+        0.00E+00  0.00E+00  1.07E-01
 


 SIGMA - COV MATRIX FOR RANDOM EFFECTS - EPSILONS  ****


         EPS1     
 
 EPS1
+        6.71E-02
 
1


 OMEGA - CORR MATRIX FOR RANDOM EFFECTS - ETAS  *******


         ETA1      ETA2      ETA3     
 
 ETA1
+        5.17E-01
 
 ETA2
+        0.00E+00  3.57E-01
 
 ETA3
+        0.00E+00  0.00E+00  3.27E-01
 


 SIGMA - CORR MATRIX FOR RANDOM EFFECTS - EPSILONS  ***


         EPS1     
 
 EPS1
+        2.59E-01
 
1
 ************************************************************************************************************************
 ********************                                                                                ********************
 ********************               FIRST ORDER CONDITIONAL ESTIMATION WITH INTERACTION              ********************
 ********************                            STANDARD ERROR OF ESTIMATE                          ********************
 ********************                                                                                ********************
 ************************************************************************************************************************
 


 THETA - VECTOR OF FIXED EFFECTS PARAMETERS   *********


         TH 1      TH 2      TH 3      TH 4      TH 5     
 
         8.71E-01  2.01E+00  5.48E-03  5.06E-01  1.64E+01
 


 OMEGA - COV MATRIX FOR RANDOM EFFECTS - ETAS  ********


         ETA1      ETA2      ETA3     
 
 ETA1
+        5.18E-02
 
 ETA2
+       .........  3.92E-02
 
 ETA3
+       ......... .........  2.71E-02
 


 SIGMA - COV MATRIX FOR RANDOM EFFECTS - EPSILONS  ****


         EPS1     
 
 EPS1
+        7.64E-03
 
1


 OMEGA - CORR MATRIX FOR RANDOM EFFECTS - ETAS  *******


         ETA1      ETA2      ETA3     
 
 ETA1
+        5.02E-02
 
 ETA2
+       .........  5.48E-02
 
 ETA3
+       ......... .........  4.14E-02
 


 SIGMA - CORR MATRIX FOR RANDOM EFFECTS - EPSILONS  ***


         EPS1     
 
 EPS1
+        1.47E-02
 
1
 ************************************************************************************************************************
 ********************                                                                                ********************
 ********************               FIRST ORDER CONDITIONAL ESTIMATION WITH INTERACTION              ********************
 ********************                          COVARIANCE MATRIX OF ESTIMATE                         ********************
 ********************                                                                                ********************
 ************************************************************************************************************************
 

            TH 1      TH 2      TH 3      TH 4      TH 5      OM11      OM12      OM13      OM22      OM23      OM33      SG11  

 
 TH 1
+        7.59E-01
 
 TH 2
+        7.03E-01  4.03E+00
 
 TH 3
+       -5.71E-04  6.81E-03  3.00E-05
 
 TH 4
+       -4.99E-02  6.70E-01  1.89E-03  2.56E-01
 
 TH 5
+        4.83E+00  1.00E+01 -5.85E-03  1.47E+00  2.69E+02
 
 OM11
+        1.58E-02  2.09E-02 -7.54E-06  1.59E-03  1.44E-01  2.69E-03
 
 OM12
+       ......... ......... ......... ......... ......... ......... .........
 
 OM13
+       ......... ......... ......... ......... ......... ......... ......... .........
 
 OM22
+        7.89E-03 -1.99E-02 -9.88E-05 -4.78E-03  3.19E-02  4.24E-04 ......... .........  1.54E-03
 
 OM23
+       ......... ......... ......... ......... ......... ......... ......... ......... ......... .........
 
 OM33
+       -7.53E-03 -8.89E-03 -3.38E-06  2.69E-03  7.61E-03 -3.78E-04 ......... .........  7.55E-05 .........  7.33E-04
 
 SG11
+        3.92E-04 -8.81E-03 -2.61E-05 -1.17E-03  1.35E-02 -6.71E-05 ......... .........  1.06E-04 .........  4.82E-05  5.83E-05
 
1
 ************************************************************************************************************************
 ********************                                                                                ********************
 ********************               FIRST ORDER CONDITIONAL ESTIMATION WITH INTERACTION              ********************
 ********************                          CORRELATION MATRIX OF ESTIMATE                        ********************
 ********************                                                                                ********************
 ************************************************************************************************************************
 

            TH 1      TH 2      TH 3      TH 4      TH 5      OM11      OM12      OM13      OM22      OM23      OM33      SG11  

 
 TH 1
+        8.71E-01
 
 TH 2
+        4.02E-01  2.01E+00
 
 TH 3
+       -1.20E-01  6.18E-01  5.48E-03
 
 TH 4
+       -1.13E-01  6.59E-01  6.82E-01  5.06E-01
 
 TH 5
+        3.38E-01  3.05E-01 -6.52E-02  1.78E-01  1.64E+01
 
 OM11
+        3.50E-01  2.01E-01 -2.65E-02  6.08E-02  1.70E-01  5.18E-02
 
 OM12
+       ......... ......... ......... ......... ......... ......... .........
 
 OM13
+       ......... ......... ......... ......... ......... ......... ......... .........
 
 OM22
+        2.31E-01 -2.52E-01 -4.60E-01 -2.41E-01  4.97E-02  2.09E-01 ......... .........  3.92E-02
 
 OM23
+       ......... ......... ......... ......... ......... ......... ......... ......... ......... .........
 
 OM33
+       -3.19E-01 -1.64E-01 -2.28E-02  1.97E-01  1.71E-02 -2.69E-01 ......... .........  7.11E-02 .........  2.71E-02
 
 SG11
+        5.89E-02 -5.75E-01 -6.25E-01 -3.02E-01  1.08E-01 -1.70E-01 ......... .........  3.55E-01 .........  2.33E-01  7.64E-03
 
1
 ************************************************************************************************************************
 ********************                                                                                ********************
 ********************               FIRST ORDER CONDITIONAL ESTIMATION WITH INTERACTION              ********************
 ********************                      INVERSE COVARIANCE MATRIX OF ESTIMATE                     ********************
 ********************                                                                                ********************
 ************************************************************************************************************************
 

            TH 1      TH 2      TH 3      TH 4      TH 5      OM11      OM12      OM13      OM22      OM23      OM33      SG11  

 
 TH 1
+        4.05E+00
 
 TH 2
+       -1.88E+00  1.66E+00
 
 TH 3
+       -5.60E+01  1.55E+00  1.16E+05
 
 TH 4
+        4.79E+00 -3.75E+00 -7.09E+02  1.79E+01
 
 TH 5
+       -9.44E-03 -2.14E-02  4.64E+00 -1.58E-02  5.10E-03
 
 OM11
+       -1.39E+01  6.07E+00  1.31E+03 -2.71E+01 -1.62E-01  5.28E+02
 
 OM12
+       ......... ......... ......... ......... ......... ......... .........
 
 OM13
+       ......... ......... ......... ......... ......... ......... ......... .........
 
 OM22
+       -1.38E+01  5.11E+00  2.75E+03 -1.72E+01  1.71E-01 -1.24E+02 ......... .........  9.52E+02
 
 OM23
+       ......... ......... ......... ......... ......... ......... ......... ......... ......... .........
 
 OM33
+        1.09E+01  5.16E+00  7.55E+02 -4.33E+01 -2.42E-01  2.07E+02 ......... ......... -1.66E+02 .........  1.88E+03
 
 SG11
+       -2.37E+02  1.88E+02  3.30E+04 -5.18E+02 -2.90E+00  1.75E+03 ......... ......... -2.29E+01 ......... -7.77E+02  5.50E+04
 
1
 
 
 
 
 
 
 
 
 
 
 
 
 
 
 
 
 
 
 
 
 ************************************************************************************************************************
 ********************                                                                                ********************
 ********************               FIRST ORDER CONDITIONAL ESTIMATION WITH INTERACTION              ********************
 ********************                      EIGENVALUES OF COR MATRIX OF ESTIMATE                     ********************
 ********************                                                                                ********************
 ************************************************************************************************************************
 

             1         2         3         4         5         6         7         8         9
 
         7.45E-02  2.19E-01  4.54E-01  4.64E-01  6.32E-01  8.70E-01  1.30E+00  1.99E+00  2.99E+00
 
 Elapsed finaloutput time in seconds:     0.02
 #CPUT: Total CPU Time in Seconds,        2.557
Stop Time:
Mon 06 Feb 2023 02:42:19 PM CET
