Thu Oct  5 14:00:06 EDT 2017
$PROBLEM    //like/2001//but/2 cmt//
$INPUT      C ID TIME SEQ=DROP EVID AMT DV SUBJ HOUR HEIGHT WT SEX AGE
            DOSE FED
$DATA      drug.csv IGNORE=C
$SUBROUTINE ADVAN4 TRANS4
$PK 
 CL=THETA(1)*EXP(ETA(1))
 V2 =THETA(2)*EXP(ETA(2))
 KA=THETA(3)*EXP(ETA(3))
 Q  =THETA(4)
 V3=THETA(5)
 S2=V2
 
$ERROR 
 Y=F*(1+ERR(1))
 IPRE=F

$THETA  (0,10,50) ; CL/F; clearance                                     ;L/h
 (0,10,100) ; Vc/F; central volume                                ;L
 (0,0.2,5) ; Ka; absorption rate constant                      ;1/h
 (0,10,50) ; Q/F; intercompartmental clearance                  ;L/h
 (0,100,1000) ; Vp/F; peripheral volume                             ;L
$OMEGA  0.1  ;     IIV_CL  ; interindividual variability on clearance
 0.1  ;     IIV_Vc  ; interindividual variability on central volume
 0.1  ;     IIV_Ka  ; interindividual variability on Ka
$SIGMA  0.1  ;   ERR_PROP  ; proportional error
$ESTIMATION MAXEVAL=9999 PRINT=5 NOABORT METHOD=1 INTER MSFO=mod.msf
$COVARIANCE PRINT=E
$TABLE      NOPRINT FILE=mod.tab ONEHEADER ID ; ID       ; NONMEM subject identifier                    
            AMT ; AMT      ; dose amount                                   ; mg                     
            TIME ; TIME     ; time                                          ; h                      
            EVID ; EVID     ; event type                                    ; //0/observation//1/dose
            PRED ; PRED     ; population prediction                         ; ng/mL                  
            IPRE ; IPRED    ; individual prediction                         ; ng/mL                  
            CWRESI ; CWRESI   ; conditional weighted residual                
            CIWRESI ; CIWRESI  ; conditional indvividual weighted residual    
$TABLE      NOPRINT FILE=mod2.tab ONEHEADER ID ; ID       ; NONMEM subject identifier                    
            TIME ; TIME     ; time                                          ; h                      
            CL ; CLI      ; posthoc systemic clearance                    ; L/h                    
            V2 ; V2I      ; posthoc systemic volume                       ; L                      
            KA ; KAI      ; posthoc absorption rate                       ; 1/h                    
            Q ; Q2I      ; posthoc intercompartmental clearance          ; 1/h                    
            V3 ; V3I      ; posthoc peripheral volume                     ; L                      
            ETA1 ; BSV_CL   ; clearance between-subject variability        
            ETA2 ; BSV_V2   ; volume between-subject variability           
            ETA3 ; BSV_KA   ; absorption between-subject variability       


NM-TRAN MESSAGES
  
 WARNINGS AND ERRORS (IF ANY) FOR PROBLEM    1
             
 (WARNING  2) NM-TRAN INFERS THAT THE DATA ARE POPULATION.

License Registered to: Pharsight Corporation (Certara
Expiration Date:    14 MAR 2018
Current Date:        5 OCT 2017
Days until program expires : 164
1NONLINEAR MIXED EFFECTS MODEL PROGRAM (NONMEM) VERSION 7.3.0
 ORIGINALLY DEVELOPED BY STUART BEAL, LEWIS SHEINER, AND ALISON BOECKMANN
 CURRENT DEVELOPERS ARE ROBERT BAUER, ICON DEVELOPMENT SOLUTIONS,
 AND ALISON BOECKMANN. IMPLEMENTATION, EFFICIENCY, AND STANDARDIZATION
 PERFORMED BY NOUS INFOSYSTEMS.

 PROBLEM NO.:         1
 //like/2001//but/2 cmt//
0DATA CHECKOUT RUN:              NO
 DATA SET LOCATED ON UNIT NO.:    2
 THIS UNIT TO BE REWOUND:        NO
 NO. OF DATA RECS IN DATA SET:      550
 NO. OF DATA ITEMS IN DATA SET:  15
 ID DATA ITEM IS DATA ITEM NO.:   2
 DEP VARIABLE IS DATA ITEM NO.:   6
 MDV DATA ITEM IS DATA ITEM NO.: 15
0INDICES PASSED TO SUBROUTINE PRED:
   4   3   5   0   0   0   0   0   0   0   0
0LABELS FOR DATA ITEMS:
 C ID TIME EVID AMT DV SUBJ HOUR HEIGHT WT SEX AGE DOSE FED MDV
0(NONBLANK) LABELS FOR PRED-DEFINED ITEMS:
 CL V2 KA Q V3 IPRE
0FORMAT FOR DATA:
 (E2.0,E3.0,E5.0,E2.0,2E6.0,E3.0,E5.0,E4.0,E5.0,E2.0,E5.0,2E6.0,1F2.0)

 TOT. NO. OF OBS RECS:      510
 TOT. NO. OF INDIVIDUALS:     40
0LENGTH OF THETA:   5
0DEFAULT THETA BOUNDARY TEST OMITTED:    NO
0OMEGA HAS SIMPLE DIAGONAL FORM WITH DIMENSION:   3
0DEFAULT OMEGA BOUNDARY TEST OMITTED:    NO
0SIGMA HAS SIMPLE DIAGONAL FORM WITH DIMENSION:   1
0DEFAULT SIGMA BOUNDARY TEST OMITTED:    NO
0INITIAL ESTIMATE OF THETA:
 LOWER BOUND    INITIAL EST    UPPER BOUND
  0.0000E+00     0.1000E+02     0.5000E+02
  0.0000E+00     0.1000E+02     0.1000E+03
  0.0000E+00     0.2000E+00     0.5000E+01
  0.0000E+00     0.1000E+02     0.5000E+02
  0.0000E+00     0.1000E+03     0.1000E+04
0INITIAL ESTIMATE OF OMEGA:
 0.1000E+00
 0.0000E+00   0.1000E+00
 0.0000E+00   0.0000E+00   0.1000E+00
0INITIAL ESTIMATE OF SIGMA:
 0.1000E+00
0COVARIANCE STEP OMITTED:        NO
 EIGENVLS. PRINTED:             YES
 SPECIAL COMPUTATION:            NO
 COMPRESSED FORMAT:              NO
 SIGDIGITS ETAHAT (SIGLO):                  -1
 SIGDIGITS GRADIENTS (SIGL):                -1
 RELATIVE TOLERANCE (TOL):                  -1
 ABSOLUTE TOLERANCE-ADVAN 9,13 ONLY (ATOL): -1
 EXCLUDE COV FOR FOCE (NOFCOV):              NO
 RESUME COV ANALYSIS (RESUME):               NO
0TABLES STEP OMITTED:    NO
 NO. OF TABLES:           2
 SEED NUMBER (SEED):    11456
 RANMETHOD:
 MC SAMPLES (ESEED):    300
 WRES SQUARE ROOT TYPE:            EIGENVALUE
0-- TABLE   1 --
 PRINTED:                NO
 HEADER:                YES
 FILE TO BE FORWARDED:   NO
 FORMAT:                S1PE11.4
 LFORMAT:
 RFORMAT:
0USER-CHOSEN ITEMS:
 ID AMT TIME EVID IPRE CWRESI CIWRESI
0-- TABLE   2 --
 PRINTED:                NO
 HEADER:                YES
 FILE TO BE FORWARDED:   NO
 FORMAT:                S1PE11.4
 LFORMAT:
 RFORMAT:
0USER-CHOSEN ITEMS:
 ID TIME CL V2 KA Q V3 ETA1 ETA2 ETA3
1DOUBLE PRECISION PREDPP VERSION 7.3.0

 TWO COMPARTMENT MODEL WITH FIRST-ORDER ABSORPTION (ADVAN4)
0MAXIMUM NO. OF BASIC PK PARAMETERS:   5
0BASIC PK PARAMETERS (AFTER TRANSLATION):
   BASIC PK PARAMETER NO.  1: ELIMINATION RATE (K)
   BASIC PK PARAMETER NO.  2: CENTRAL-TO-PERIPH. RATE (K23)
   BASIC PK PARAMETER NO.  3: PERIPH.-TO-CENTRAL RATE (K32)
   BASIC PK PARAMETER NO.  5: ABSORPTION RATE (KA)
 TRANSLATOR WILL CONVERT PARAMETERS
 CL, V2, Q, V3 TO K, K23, K32 (TRANS4)
0COMPARTMENT ATTRIBUTES
 COMPT. NO.   FUNCTION   INITIAL    ON/OFF      DOSE      DEFAULT    DEFAULT
                         STATUS     ALLOWED    ALLOWED    FOR DOSE   FOR OBS.
    1         DEPOT        OFF        YES        YES        YES        NO
    2         CENTRAL      ON         NO         YES        NO         YES
    3         PERIPH.      ON         NO         YES        NO         NO
    4         OUTPUT       OFF        YES        NO         NO         NO
1
 ADDITIONAL PK PARAMETERS - ASSIGNMENT OF ROWS IN GG
 COMPT. NO.                             INDICES
              SCALE      BIOAVAIL.   ZERO-ORDER  ZERO-ORDER  ABSORB
                         FRACTION    RATE        DURATION    LAG
    1            *           *           *           *           *
    2            6           *           *           *           *
    3            *           *           *           *           *
    4            *           -           -           -           -
             - PARAMETER IS NOT ALLOWED FOR THIS MODEL
             * PARAMETER IS NOT SUPPLIED BY PK SUBROUTINE;
               WILL DEFAULT TO ONE IF APPLICABLE
0DATA ITEM INDICES USED BY PRED ARE:
   EVENT ID DATA ITEM IS DATA ITEM NO.:      4
   TIME DATA ITEM IS DATA ITEM NO.:          3
   DOSE AMOUNT DATA ITEM IS DATA ITEM NO.:   5

0PK SUBROUTINE CALLED WITH EVERY EVENT RECORD.
 PK SUBROUTINE NOT CALLED AT NONEVENT (ADDITIONAL OR LAGGED) DOSE TIMES.
0ERROR SUBROUTINE CALLED WITH EVERY EVENT RECORD.
1
 
 
 #TBLN:      1
 #METH: First Order Conditional Estimation with Interaction
 
 ESTIMATION STEP OMITTED:                 NO  
 ANALYSIS TYPE:                           POPULATION
 CONDITIONAL ESTIMATES USED:              YES 
 CENTERED ETA:                            NO  
 EPS-ETA INTERACTION:                     YES 
 LAPLACIAN OBJ. FUNC.:                    NO  
 NO. OF FUNCT. EVALS. ALLOWED:            9999
 NO. OF SIG. FIGURES REQUIRED:            3
 INTERMEDIATE PRINTOUT:                   YES 
 ESTIMATE OUTPUT TO MSF:                  YES 
 ABORT WITH PRED EXIT CODE 1:             NO  
 IND. OBJ. FUNC. VALUES SORTED:           NO  
 NUMERICAL DERIVATIVE 
       FILE REQUEST (NUMDER):             NONE
 MAP (ETAHAT) ESTIMATION METHOD (OPTMAP): 0           
 ETA HESSIAN EVALUATION METHOD (ETADER):  0           
 INITIAL ETA FOR MAP ESTIMATION (MCETA):  0           
 SIGDIGITS FOR MAP ESTIMATION (SIGLO):    100         
 GRADIENT SIGDIGITS OF 
       FIXED EFFECTS PARAMETERS (SIGL):   100         
 EXCLUDE TITLE (NOTITLE):                 NO 
 EXCLUDE COLUMN LABELS (NOLABEL):         NO 
 NOPRIOR SETTING (NOPRIOR):               OFF
 NOCOV SETTING (NOCOV):                   OFF
 DERCONT SETTING (DERCONT):               OFF
 ABSOLUTE TOLERANCE-ADVAN 9,13 ONLY(ATOL):-100        
 FINAL ETA RE-EVALUATION (FNLETA):        ON 
 EXCLUDE NON-INFLUENTIAL (NON-INFL.) ETAS 
       IN SHRINKAGE (ETASTYPE):           NO 
 NON-INFL. ETA CORRECTION (NONINFETA):    OFF
 FORMAT FOR ADDITIONAL FILES (FORMAT):    S1PE12.5
 PARAMETER ORDER FOR OUTPUTS (ORDER):     TSOL
 ADDITIONAL CONVERGENCE TEST (CTYPE=4)?:  NO
 EM OR BAYESIAN METHOD USED:                NONE
 
 
 THE FOLLOWING LABELS ARE EQUIVALENT
 PRED=PREDI
 RES=RESI
 WRES=WRESI
 IWRS=IWRESI
 IPRD=IPREDI
 IRS=IRESI
 
 MONITORING OF SEARCH:

 
0ITERATION NO.:    0    OBJECTIVE VALUE:   3114.00848270824        NO. OF FUNC. EVALS.:   8
 CUMULATIVE NO. OF FUNC. EVALS.:        8
 NPARAMETR:  1.0000E+01  1.0000E+01  2.0000E-01  1.0000E+01  1.0000E+02  1.0000E-01  1.0000E-01  1.0000E-01  1.0000E-01
 PARAMETER:  1.0000E-01  1.0000E-01  1.0000E-01  1.0000E-01  1.0000E-01  1.0000E-01  1.0000E-01  1.0000E-01  1.0000E-01
 GRADIENT:  -6.7797E+01 -3.7555E+02  6.4542E+02  1.1210E+01 -1.4327E+02 -9.9340E+01 -1.9810E+02 -5.9492E+02  6.2351E+01
 
0ITERATION NO.:    5    OBJECTIVE VALUE:   2529.32300003265        NO. OF FUNC. EVALS.:  10
 CUMULATIVE NO. OF FUNC. EVALS.:       54
 NPARAMETR:  1.0917E+01  3.1138E+01  7.0233E-02  3.7484E+00  1.5014E+02  3.4436E-01  2.3319E-01  7.5759E-02  7.7583E-02
 PARAMETER:  2.1089E-01  1.5036E+00 -9.7317E-01 -1.0265E+00  5.6370E-01  7.1826E-01  5.2335E-01 -3.8805E-02 -2.6913E-02
 GRADIENT:   2.6818E+00  6.7877E+01  1.3374E+01 -3.0456E+01  1.2680E+01  1.2458E+01 -5.6981E+00 -1.6506E+01  7.7448E+01
 
0ITERATION NO.:   10    OBJECTIVE VALUE:   2504.39825387995        NO. OF FUNC. EVALS.:  13
 CUMULATIVE NO. OF FUNC. EVALS.:      104
 NPARAMETR:  1.2017E+01  1.9998E+01  6.3448E-02  3.1998E+00  9.3328E+01  3.0341E-01  1.3707E-01  1.3552E-01  6.7674E-02
 PARAMETER:  3.3547E-01  9.1081E-01 -1.0761E+00 -1.1965E+00  2.3561E-02  6.5495E-01  2.5765E-01  2.5196E-01 -9.5232E-02
 GRADIENT:   1.7727E+01 -3.6804E+00 -2.2047E+00 -7.0657E+00 -1.1079E+01  8.2189E+00  7.0391E-01  1.5999E+01  9.0703E+00
 
0ITERATION NO.:   15    OBJECTIVE VALUE:   2500.13469532848        NO. OF FUNC. EVALS.:   9
 CUMULATIVE NO. OF FUNC. EVALS.:      149
 NPARAMETR:  1.0991E+01  2.1288E+01  6.6522E-02  3.6537E+00  1.0707E+02  2.6865E-01  1.2843E-01  1.0840E-01  6.7007E-02
 PARAMETER:  2.1953E-01  9.8959E-01 -1.0282E+00 -1.0541E+00  1.7617E-01  5.9412E-01  2.2512E-01  1.4033E-01 -1.0019E-01
 GRADIENT:   1.6129E-01  9.2370E-01 -4.0251E+00  8.3683E-01  4.0060E-01  2.0036E-01 -5.0033E-01  1.6793E+00 -5.5773E-01
 
0ITERATION NO.:   20    OBJECTIVE VALUE:   2499.99956180593        NO. OF FUNC. EVALS.:  17
 CUMULATIVE NO. OF FUNC. EVALS.:      209
 NPARAMETR:  1.1035E+01  2.1574E+01  6.8037E-02  3.7631E+00  1.0696E+02  2.6631E-01  1.2923E-01  1.0630E-01  6.7271E-02
 PARAMETER:  2.2469E-01  1.0065E+00 -1.0054E+00 -1.0223E+00  1.7502E-01  5.8975E-01  2.2822E-01  1.3057E-01 -9.8218E-02
 GRADIENT:  -5.9311E-02 -8.4066E-03 -2.0269E+00  4.4544E-02  2.7349E-01 -2.6818E-01  2.4285E-01 -8.2757E-02  1.8692E+00
 
0ITERATION NO.:   25    OBJECTIVE VALUE:   2499.98965844351        NO. OF FUNC. EVALS.:  12
 CUMULATIVE NO. OF FUNC. EVALS.:      288
 NPARAMETR:  1.1043E+01  2.1679E+01  6.8542E-02  3.8072E+00  1.0661E+02  2.6687E-01  1.2775E-01  1.0708E-01  6.7117E-02
 PARAMETER:  2.2561E-01  1.0128E+00 -9.9788E-01 -1.0096E+00  1.7140E-01  5.9080E-01  2.2247E-01  1.3422E-01 -9.9368E-02
 GRADIENT:  -1.1423E-03  6.2377E-03 -1.9732E-04  3.3667E-03 -1.1872E-03  3.4490E-03  3.8227E-04 -2.6056E-03  5.7511E-03
 
 #TERM:
0MINIMIZATION SUCCESSFUL
 NO. OF FUNCTION EVALUATIONS USED:      288
 NO. OF SIG. DIGITS IN FINAL EST.:  3.7

 ETABAR IS THE ARITHMETIC MEAN OF THE ETA-ESTIMATES,
 AND THE P-VALUE IS GIVEN FOR THE NULL HYPOTHESIS THAT THE TRUE MEAN IS 0.
 
 ETABAR:         2.3983E-03  8.4914E-04  7.6942E-04
 SE:             8.0436E-02  4.6424E-02  4.7732E-02
 N:                      40          40          40
 
 P VAL.:         9.7621E-01  9.8541E-01  9.8714E-01
 
 ETAshrink(%):   2.7043E-01  1.6808E+01  6.5716E+00
 EBVshrink(%):   1.3663E+00  1.7993E+01  6.9409E+00
 EPSshrink(%):   8.8980E+00
 
 #TERE:
 Elapsed estimation time in seconds:     1.82
 Elapsed covariance time in seconds:     1.61
1
 
 
 
 
 
 
 
 
 
 
 
 
 
 
 
 
 
 
 
 
 ************************************************************************************************************************
 ********************                                                                                ********************
 ********************               FIRST ORDER CONDITIONAL ESTIMATION WITH INTERACTION              ********************
 #OBJT:**************                       MINIMUM VALUE OF OBJECTIVE FUNCTION                      ********************
 ********************                                                                                ********************
 ************************************************************************************************************************
 





 #OBJV:********************************************     2499.990       **************************************************
1
 ************************************************************************************************************************
 ********************                                                                                ********************
 ********************               FIRST ORDER CONDITIONAL ESTIMATION WITH INTERACTION              ********************
 ********************                             FINAL PARAMETER ESTIMATE                           ********************
 ********************                                                                                ********************
 ************************************************************************************************************************
 


 THETA - VECTOR OF FIXED EFFECTS PARAMETERS   *********


         TH 1      TH 2      TH 3      TH 4      TH 5     
 
         1.10E+01  2.17E+01  6.85E-02  3.81E+00  1.07E+02
 


 OMEGA - COV MATRIX FOR RANDOM EFFECTS - ETAS  ********


            ETA1      ETA2      ETA3   
 
 ETA1
+        2.67E-01
 
 ETA2
+        0.00E+00  1.28E-01
 
 ETA3
+        0.00E+00  0.00E+00  1.07E-01
 


 SIGMA - COV MATRIX FOR RANDOM EFFECTS - EPSILONS  ****


            EPS1   
 
 EPS1
+        6.71E-02
 
1


 OMEGA - CORR MATRIX FOR RANDOM EFFECTS - ETAS  *******


            ETA1      ETA2      ETA3   
 
 ETA1
+        5.17E-01
 
 ETA2
+        0.00E+00  3.57E-01
 
 ETA3
+        0.00E+00  0.00E+00  3.27E-01
 


 SIGMA - CORR MATRIX FOR RANDOM EFFECTS - EPSILONS  ***


            EPS1   
 
 EPS1
+        2.59E-01
 
1
 ************************************************************************************************************************
 ********************                                                                                ********************
 ********************               FIRST ORDER CONDITIONAL ESTIMATION WITH INTERACTION              ********************
 ********************                            STANDARD ERROR OF ESTIMATE                          ********************
 ********************                                                                                ********************
 ************************************************************************************************************************
 


 THETA - VECTOR OF FIXED EFFECTS PARAMETERS   *********


         TH 1      TH 2      TH 3      TH 4      TH 5     
 
         8.72E-01  2.01E+00  5.48E-03  5.06E-01  1.64E+01
 


 OMEGA - COV MATRIX FOR RANDOM EFFECTS - ETAS  ********


            ETA1      ETA2      ETA3   
 
 ETA1
+        5.19E-02
 
 ETA2
+       .........  3.92E-02
 
 ETA3
+       ......... .........  2.71E-02
 


 SIGMA - COV MATRIX FOR RANDOM EFFECTS - EPSILONS  ****


            EPS1   
 
 EPS1
+        7.64E-03
 
1


 OMEGA - CORR MATRIX FOR RANDOM EFFECTS - ETAS  *******


            ETA1      ETA2      ETA3   
 
 ETA1
+        5.02E-02
 
 ETA2
+       .........  5.48E-02
 
 ETA3
+       ......... .........  4.14E-02
 


 SIGMA - CORR MATRIX FOR RANDOM EFFECTS - EPSILONS  ***


            EPS1   
 
 EPS1
+        1.48E-02
 
1
 ************************************************************************************************************************
 ********************                                                                                ********************
 ********************               FIRST ORDER CONDITIONAL ESTIMATION WITH INTERACTION              ********************
 ********************                          COVARIANCE MATRIX OF ESTIMATE                         ********************
 ********************                                                                                ********************
 ************************************************************************************************************************
 

            TH 1      TH 2      TH 3      TH 4      TH 5      OM11      OM12      OM13      OM22      OM23      OM33      SG11  

 
 TH 1
+        7.61E-01
 
 TH 2
+        7.02E-01  4.03E+00
 
 TH 3
+       -5.74E-04  6.80E-03  3.00E-05
 
 TH 4
+       -4.99E-02  6.70E-01  1.89E-03  2.56E-01
 
 TH 5
+        4.77E+00  1.01E+01 -5.77E-03  1.49E+00  2.71E+02
 
 OM11
+        1.58E-02  2.10E-02 -7.37E-06  1.61E-03  1.45E-01  2.69E-03
 
 OM12
+       ......... ......... ......... ......... ......... ......... .........
 
 OM13
+       ......... ......... ......... ......... ......... ......... ......... .........
 
 OM22
+        7.92E-03 -1.99E-02 -9.89E-05 -4.77E-03  3.19E-02  4.23E-04 ......... .........  1.54E-03
 
 OM23
+       ......... ......... ......... ......... ......... ......... ......... ......... ......... .........
 
 OM33
+       -7.52E-03 -8.90E-03 -3.41E-06  2.69E-03  7.83E-03 -3.78E-04 ......... .........  7.62E-05 .........  7.33E-04
 
 SG11
+        4.14E-04 -8.80E-03 -2.62E-05 -1.16E-03  1.34E-02 -6.73E-05 ......... .........  1.07E-04 .........  4.82E-05  5.84E-05
 
1
 ************************************************************************************************************************
 ********************                                                                                ********************
 ********************               FIRST ORDER CONDITIONAL ESTIMATION WITH INTERACTION              ********************
 ********************                          CORRELATION MATRIX OF ESTIMATE                        ********************
 ********************                                                                                ********************
 ************************************************************************************************************************
 

            TH 1      TH 2      TH 3      TH 4      TH 5      OM11      OM12      OM13      OM22      OM23      OM33      SG11  

 
 TH 1
+        8.72E-01
 
 TH 2
+        4.01E-01  2.01E+00
 
 TH 3
+       -1.20E-01  6.18E-01  5.48E-03
 
 TH 4
+       -1.13E-01  6.59E-01  6.81E-01  5.06E-01
 
 TH 5
+        3.32E-01  3.05E-01 -6.40E-02  1.79E-01  1.64E+01
 
 OM11
+        3.49E-01  2.02E-01 -2.59E-02  6.14E-02  1.70E-01  5.19E-02
 
 OM12
+       ......... ......... ......... ......... ......... ......... .........
 
 OM13
+       ......... ......... ......... ......... ......... ......... ......... .........
 
 OM22
+        2.32E-01 -2.53E-01 -4.60E-01 -2.40E-01  4.94E-02  2.08E-01 ......... .........  3.92E-02
 
 OM23
+       ......... ......... ......... ......... ......... ......... ......... ......... ......... .........
 
 OM33
+       -3.19E-01 -1.64E-01 -2.30E-02  1.96E-01  1.76E-02 -2.69E-01 ......... .........  7.18E-02 .........  2.71E-02
 
 SG11
+        6.22E-02 -5.73E-01 -6.24E-01 -3.01E-01  1.07E-01 -1.70E-01 ......... .........  3.57E-01 .........  2.33E-01  7.64E-03
 
1
 ************************************************************************************************************************
 ********************                                                                                ********************
 ********************               FIRST ORDER CONDITIONAL ESTIMATION WITH INTERACTION              ********************
 ********************                      INVERSE COVARIANCE MATRIX OF ESTIMATE                     ********************
 ********************                                                                                ********************
 ************************************************************************************************************************
 

            TH 1      TH 2      TH 3      TH 4      TH 5      OM11      OM12      OM13      OM22      OM23      OM33      SG11  

 
 TH 1
+        4.04E+00
 
 TH 2
+       -1.87E+00  1.66E+00
 
 TH 3
+       -5.60E+01  1.60E+00  1.16E+05
 
 TH 4
+        4.78E+00 -3.75E+00 -7.09E+02  1.79E+01
 
 TH 5
+       -8.17E-03 -2.17E-02  4.61E+00 -1.47E-02  5.05E-03
 
 OM11
+       -1.39E+01  6.07E+00  1.31E+03 -2.71E+01 -1.65E-01  5.28E+02
 
 OM12
+       ......... ......... ......... ......... ......... ......... .........
 
 OM13
+       ......... ......... ......... ......... ......... ......... ......... .........
 
 OM22
+       -1.38E+01  5.09E+00  2.75E+03 -1.71E+01  1.66E-01 -1.24E+02 ......... .........  9.52E+02
 
 OM23
+       ......... ......... ......... ......... ......... ......... ......... ......... ......... .........
 
 OM33
+        1.09E+01  5.16E+00  7.54E+02 -4.32E+01 -2.38E-01  2.07E+02 ......... ......... -1.66E+02 .........  1.88E+03
 
 SG11
+       -2.39E+02  1.88E+02  3.31E+04 -5.20E+02 -2.90E+00  1.76E+03 ......... ......... -3.17E+01 ......... -7.78E+02  5.50E+04
 
1
 
 
 
 
 
 
 
 
 
 
 
 
 
 
 
 
 
 
 
 
 ************************************************************************************************************************
 ********************                                                                                ********************
 ********************               FIRST ORDER CONDITIONAL ESTIMATION WITH INTERACTION              ********************
 ********************                      EIGENVALUES OF COR MATRIX OF ESTIMATE                     ********************
 ********************                                                                                ********************
 ************************************************************************************************************************
 

             1         2         3         4         5         6         7         8         9
 
         7.44E-02  2.19E-01  4.56E-01  4.64E-01  6.35E-01  8.69E-01  1.31E+00  1.98E+00  2.99E+00
 
 #CPUT: Total CPU Time in Seconds,        3.523
Stop Time:
Thu Oct  5 14:00:14 EDT 2017
